exports[`Notification component test Notification component renders 1`] = `
<div
  className="notification__container top">
  <div
    className="notification top left success">
    <div
      className="title">
      <span
        className="title__span">
        
        Â 
      </span>
      <button
        className="title__btn"
        onClick={[Function]}>
        x
      </button>
    </div>
    <div
      className="message">
      <span>
        
      </span>
    </div>
  </div>
</div>
`;
