exports[`Main/presenter/notification component test Main/presenter/notification component renders 1`] = `
<div
  className="content">
  <div
    className="title">
    <span>
      Notification
    </span>
  </div>
  <div
    className="filters">
    <div
      className="filter__span">
      <span>
        Vertical
      </span>
    </div>
    <div
      className="filter__buttons">
      <div
        className="filter__first">
        <input
          checked={true}
          className="radiobutton"
          id="top"
          name="vertical"
          onChange={[Function]}
          type="radio"
          value={1} />
        <label
          className="radiobutton__label"
          htmlFor="top">
          Top
        </label>
      </div>
      <div
        className="filter">
        <input
          checked={false}
          className="radiobutton"
          id="middle"
          name="vertical"
          onChange={[Function]}
          type="radio"
          value={2} />
        <label
          className="radiobutton__label"
          htmlFor="middle">
          Middle
        </label>
      </div>
      <div
        className="filter__last">
        <input
          checked={false}
          className="radiobutton"
          id="bottom"
          name="vertical"
          onChange={[Function]}
          type="radio"
          value={3} />
        <label
          className="radiobutton__label"
          htmlFor="bottom">
          Bottom
        </label>
      </div>
    </div>
  </div>
  <div
    className="filters">
    <div
      className="filter__span">
      <span>
        Horizontal
      </span>
    </div>
    <div
      className="filter__buttons">
      <div
        className="filter__first">
        <input
          checked={false}
          className="radiobutton"
          id="left"
          name="horizontal"
          onChange={[Function]}
          type="radio"
          value={1} />
        <label
          className="radiobutton__label"
          htmlFor="left">
          Left
        </label>
      </div>
      <div
        className="filter">
        <input
          checked={true}
          className="radiobutton"
          id="center"
          name="horizontal"
          onChange={[Function]}
          type="radio"
          value={2} />
        <label
          className="radiobutton__label"
          htmlFor="center">
          Center
        </label>
      </div>
      <div
        className="filter__last">
        <input
          checked={false}
          className="radiobutton"
          id="right"
          name="horizontal"
          onChange={[Function]}
          type="radio"
          value={3} />
        <label
          className="radiobutton__label"
          htmlFor="right">
          Right
        </label>
      </div>
    </div>
  </div>
  <div
    className="filters">
    <div
      className="filter__span">
      <span>
        Type
      </span>
    </div>
    <div
      className="filter__buttons">
      <div
        className="filter__first">
        <input
          checked={true}
          className="radiobutton"
          id="success"
          name="typeNoti"
          onChange={[Function]}
          type="radio"
          value={1} />
        <label
          className="radiobutton__label"
          htmlFor="success">
          Success
        </label>
      </div>
      <div
        className="filter">
        <input
          checked={false}
          className="radiobutton"
          id="info"
          name="typeNoti"
          onChange={[Function]}
          type="radio"
          value={2} />
        <label
          className="radiobutton__label"
          htmlFor="info">
          Info
        </label>
      </div>
      <div
        className="filter">
        <input
          checked={false}
          className="radiobutton"
          id="warning"
          name="typeNoti"
          onChange={[Function]}
          type="radio"
          value={3} />
        <label
          className="radiobutton__label"
          htmlFor="warning">
          Warning
        </label>
      </div>
      <div
        className="filter__last">
        <input
          checked={false}
          className="radiobutton"
          id="error"
          name="typeNoti"
          onChange={[Function]}
          type="radio"
          value={4} />
        <label
          className="radiobutton__label"
          htmlFor="error">
          Error
        </label>
      </div>
    </div>
  </div>
  <div
    className="buttons">
    <button
      className="btn"
      onClick={[Function]}>
      Notification
    </button>
  </div>
  <div
    className="description">
    Description
  </div>
  <div
    className="notification__container top show">
    <div
      className="notification top center success">
      <div
        className="title">
        <span
          className="title__span">
          Title test
          Â 
        </span>
        <button
          className="title__btn"
          onClick={[Function]}>
          x
        </button>
      </div>
      <div
        className="message">
        <span>
          Message test
        </span>
      </div>
    </div>
  </div>
</div>
`;
