exports[`Menu component test Menu component renders 1`] = `
<div
  className="container" />
`;
