exports[`Main/presenter/menu component test Main/presenter/menu component renders 1`] = `
<div
  className="container">
  <div
    className="title">
    <span>
      Test Menu
    </span>
  </div>
  <div
    className="menu">
    <div
      className="container" />
  </div>
  <div
    className="description">
    Description
  </div>
</div>
`;
